#
# There is insufficient memory for the Java Runtime Environment to continue.
# Native memory allocation (malloc) failed to allocate 1134896 bytes. Error detail: Chunk::new
# Possible reasons:
#   The system is out of physical RAM or swap space
#   This process is running with CompressedOops enabled, and the Java Heap may be blocking the growth of the native heap
# Possible solutions:
#   Reduce memory load on the system
#   Increase physical memory or swap space
#   Check if swap backing store is full
#   Decrease Java heap size (-Xmx/-Xms)
#   Decrease number of Java threads
#   Decrease Java thread stack sizes (-Xss)
#   Set larger code cache with -XX:ReservedCodeCacheSize=
#   JVM is running with Unscaled Compressed Oops mode in which the Java heap is
#     placed in the first 4GB address space. The Java Heap base address is the
#     maximum limit for the native heap growth. Please use -XX:HeapBaseMinAddress
#     to set the Java Heap base and to place the Java Heap above 4GB virtual address.
# This output file may be truncated or incomplete.
#
#  Out of Memory Error (arena.cpp:168), pid=22324, tid=16176
#
# JRE version: OpenJDK Runtime Environment Temurin-21.0.10+7 (21.0.10+7) (build 21.0.10+7-LTS)
# Java VM: OpenJDK 64-Bit Server VM Temurin-21.0.10+7 (21.0.10+7-LTS, mixed mode, sharing, tiered, compressed oops, compressed class ptrs, parallel gc, windows-amd64)
# No core dump will be written. Minidumps are not enabled by default on client versions of Windows
#

---------------  S U M M A R Y ------------

Command Line: --add-modules=ALL-SYSTEM --add-opens=java.base/java.util=ALL-UNNAMED --add-opens=java.base/java.lang=ALL-UNNAMED --add-opens=java.base/sun.nio.fs=ALL-UNNAMED -Declipse.application=org.eclipse.jdt.ls.core.id1 -Dosgi.bundles.defaultStartLevel=4 -Declipse.product=org.eclipse.jdt.ls.core.product -Djava.import.generatesMetadataFilesAtProjectRoot=false -DDetectVMInstallationsJob.disabled=true -Dfile.encoding=utf8 -XX:+UseParallelGC -XX:GCTimeRatio=4 -XX:AdaptiveSizePolicyWeight=90 -Dsun.zip.disableMemoryMapping=true -Xmx2G -Xms100m -Xlog:disable -javaagent:c:\Users\Hp\.vscode\extensions\redhat.java-1.54.0-win32-x64\lombok\lombok-1.18.39-4050.jar -XX:+HeapDumpOnOutOfMemoryError -XX:HeapDumpPath=c:\Users\Hp\AppData\Roaming\Code\User\workspaceStorage\b472be1fd587ae61c1923bf4358e26a7\redhat.java -Daether.dependencyCollector.impl=bf c:\Users\Hp\.vscode\extensions\redhat.java-1.54.0-win32-x64\server\plugins\org.eclipse.equinox.launcher_1.7.100.v20251111-0406.jar -configuration c:\Users\Hp\AppData\Roaming\Code\User\globalStorage\redhat.java\1.54.0\config_win -data c:\Users\Hp\AppData\Roaming\Code\User\workspaceStorage\b472be1fd587ae61c1923bf4358e26a7\redhat.java\jdt_ws --pipe=\\.\pipe\lsp-c5c7a9b0b7633f889a61ec80aa8412e3-sock

Host: 12th Gen Intel(R) Core(TM) i3-1215U, 8 cores, 7G,  Windows 11 , 64 bit Build 26100 (10.0.26100.8521)
Time: Mon Jun  8 18:13:58 2026 Bangladesh Standard Time elapsed time: 14.632525 seconds (0d 0h 0m 14s)

---------------  T H R E A D  ---------------

Current thread (0x000001f65898e220):  JavaThread "C2 CompilerThread0" daemon [_thread_in_native, id=16176, stack(0x0000002eb2500000,0x0000002eb2600000) (1024K)]


Current CompileTask:
C2:14632 3930       4       org.lombokweb.asm.ClassReader::readMethod (1070 bytes)

Stack: [0x0000002eb2500000,0x0000002eb2600000]
Native frames: (J=compiled Java code, j=interpreted, Vv=VM code, C=native code)
V  [jvm.dll+0x6d7a39]
V  [jvm.dll+0x8b4b26]
V  [jvm.dll+0x8b70de]
V  [jvm.dll+0x8b77c3]
V  [jvm.dll+0x284346]
V  [jvm.dll+0xc66ed]
V  [jvm.dll+0xc6c31]
V  [jvm.dll+0x3bec01]
V  [jvm.dll+0x38b162]
V  [jvm.dll+0x38a5aa]
V  [jvm.dll+0x24c560]
V  [jvm.dll+0x24bb40]
V  [jvm.dll+0x1cb34e]
V  [jvm.dll+0x25b85d]
V  [jvm.dll+0x259dea]
V  [jvm.dll+0x3f857e]
V  [jvm.dll+0x85f59d]
V  [jvm.dll+0x6d626d]
C  [ucrtbase.dll+0x2cd30]
C  [KERNEL32.DLL+0x2e957]
C  [ntdll.dll+0x87c1c]


---------------  P R O C E S S  ---------------

Threads class SMR info:
_java_thread_list=0x000001f6764af4c0, length=23, elements={
0x000001f656569d80, 0x000001f65895cbf0, 0x000001f658961140, 0x000001f658965ab0,
0x000001f658966990, 0x000001f65896a960, 0x000001f65898b3d0, 0x000001f65898e220,
0x000001f6750255e0, 0x000001f675247560, 0x000001f675373000, 0x000001f675c32d80,
0x000001f675d67040, 0x000001f675d1ebc0, 0x000001f675d1fd60, 0x000001f67605fa90,
0x000001f675e172b0, 0x000001f676034570, 0x000001f67691b5a0, 0x000001f67691dd00,
0x000001f67691af10, 0x000001f67691e390, 0x000001f67647b030
}

Java Threads: ( => current thread )
  0x000001f656569d80 JavaThread "main"                              [_thread_blocked, id=8800, stack(0x0000002eb1b00000,0x0000002eb1c00000) (1024K)]
  0x000001f65895cbf0 JavaThread "Reference Handler"          daemon [_thread_blocked, id=18108, stack(0x0000002eb1f00000,0x0000002eb2000000) (1024K)]
  0x000001f658961140 JavaThread "Finalizer"                  daemon [_thread_blocked, id=23908, stack(0x0000002eb2000000,0x0000002eb2100000) (1024K)]
  0x000001f658965ab0 JavaThread "Signal Dispatcher"          daemon [_thread_blocked, id=21156, stack(0x0000002eb2100000,0x0000002eb2200000) (1024K)]
  0x000001f658966990 JavaThread "Attach Listener"            daemon [_thread_blocked, id=20728, stack(0x0000002eb2200000,0x0000002eb2300000) (1024K)]
  0x000001f65896a960 JavaThread "Service Thread"             daemon [_thread_blocked, id=5844, stack(0x0000002eb2300000,0x0000002eb2400000) (1024K)]
  0x000001f65898b3d0 JavaThread "Monitor Deflation Thread"   daemon [_thread_blocked, id=20156, stack(0x0000002eb2400000,0x0000002eb2500000) (1024K)]
=>0x000001f65898e220 JavaThread "C2 CompilerThread0"         daemon [_thread_in_native, id=16176, stack(0x0000002eb2500000,0x0000002eb2600000) (1024K)]
  0x000001f6750255e0 JavaThread "C1 CompilerThread0"         daemon [_thread_in_native, id=6012, stack(0x0000002eb2600000,0x0000002eb2700000) (1024K)]
  0x000001f675247560 JavaThread "Common-Cleaner"             daemon [_thread_blocked, id=19312, stack(0x0000002eb2700000,0x0000002eb2800000) (1024K)]
  0x000001f675373000 JavaThread "Notification Thread"        daemon [_thread_blocked, id=21024, stack(0x0000002eb2900000,0x0000002eb2a00000) (1024K)]
  0x000001f675c32d80 JavaThread "Active Thread: Equinox Container: cc6c9356-ad4d-427c-901c-2c1c7ebe0943"        [_thread_blocked, id=20208, stack(0x0000002eb3100000,0x0000002eb3200000) (1024K)]
  0x000001f675d67040 JavaThread "Refresh Thread: Equinox Container: cc6c9356-ad4d-427c-901c-2c1c7ebe0943" daemon [_thread_blocked, id=22308, stack(0x0000002eb3300000,0x0000002eb3400000) (1024K)]
  0x000001f675d1ebc0 JavaThread "Framework Event Dispatcher: Equinox Container: cc6c9356-ad4d-427c-901c-2c1c7ebe0943" daemon [_thread_blocked, id=22252, stack(0x0000002eb3400000,0x0000002eb3500000) (1024K)]
  0x000001f675d1fd60 JavaThread "Start Level: Equinox Container: cc6c9356-ad4d-427c-901c-2c1c7ebe0943" daemon [_thread_in_native, id=18792, stack(0x0000002eb3500000,0x0000002eb3600000) (1024K)]
  0x000001f67605fa90 JavaThread "Bundle File Closer"         daemon [_thread_blocked, id=10876, stack(0x0000002eb3600000,0x0000002eb3700000) (1024K)]
  0x000001f675e172b0 JavaThread "SCR Component Actor"        daemon [_thread_blocked, id=20484, stack(0x0000002eb2800000,0x0000002eb2900000) (1024K)]
  0x000001f676034570 JavaThread "Worker-JM"                         [_thread_blocked, id=23208, stack(0x0000002eb3800000,0x0000002eb3900000) (1024K)]
  0x000001f67691b5a0 JavaThread "JNA Cleaner"                daemon [_thread_blocked, id=20812, stack(0x0000002eb3900000,0x0000002eb3a00000) (1024K)]
  0x000001f67691dd00 JavaThread "Worker-0: Repository registry initialization"        [_thread_blocked, id=1156, stack(0x0000002eb3700000,0x0000002eb3800000) (1024K)]
  0x000001f67691af10 JavaThread "Worker-1: Updating Maven Dependencies"        [_thread_in_native, id=21816, stack(0x0000002eb2a00000,0x0000002eb2b00000) (1024K)]
  0x000001f67691e390 JavaThread "Worker-2"                          [_thread_blocked, id=22976, stack(0x0000002eb3a00000,0x0000002eb3b00000) (1024K)]
  0x000001f67647b030 JavaThread "C2 CompilerThread1"         daemon [_thread_in_native, id=12128, stack(0x0000002eb3b00000,0x0000002eb3c00000) (1024K)]
Total: 23

Other Threads:
  0x000001f658aae9c0 VMThread "VM Thread"                           [id=14356, stack(0x0000002eb1e00000,0x0000002eb1f00000) (1024K)]
  0x000001f65887ca00 WatcherThread "VM Periodic Task Thread"        [id=19780, stack(0x0000002eb1d00000,0x0000002eb1e00000) (1024K)]
  0x000001f658a0a9a0 WorkerThread "GC Thread#0"                     [id=9380, stack(0x0000002eb1c00000,0x0000002eb1d00000) (1024K)]
  0x000001f675b47a10 WorkerThread "GC Thread#1"                     [id=8736, stack(0x0000002eb2b00000,0x0000002eb2c00000) (1024K)]
  0x000001f675b47dc0 WorkerThread "GC Thread#2"                     [id=940, stack(0x0000002eb2c00000,0x0000002eb2d00000) (1024K)]
  0x000001f675b48170 WorkerThread "GC Thread#3"                     [id=12932, stack(0x0000002eb2d00000,0x0000002eb2e00000) (1024K)]
  0x000001f675bc9ba0 WorkerThread "GC Thread#4"                     [id=11524, stack(0x0000002eb2e00000,0x0000002eb2f00000) (1024K)]
  0x000001f675bc9f50 WorkerThread "GC Thread#5"                     [id=23820, stack(0x0000002eb2f00000,0x0000002eb3000000) (1024K)]
  0x000001f675bca300 WorkerThread "GC Thread#6"                     [id=3288, stack(0x0000002eb3000000,0x0000002eb3100000) (1024K)]
  0x000001f675abf0f0 WorkerThread "GC Thread#7"                     [id=23504, stack(0x0000002eb3200000,0x0000002eb3300000) (1024K)]
Total: 10

Threads with active compile tasks:
C2 CompilerThread0  14678 3930       4       org.lombokweb.asm.ClassReader::readMethod (1070 bytes)
C1 CompilerThread0  14678 3999       3       org.eclipse.core.internal.preferences.RootPreferences::node (7 bytes)
C2 CompilerThread1  14678 3932   !   4       org.eclipse.osgi.container.ModuleDatabase::getWiring (31 bytes)
Total: 3

VM state: not at safepoint (normal execution)

VM Mutex/Monitor currently owned by a thread: None

Heap address: 0x0000000080000000, size: 2048 MB, Compressed Oops mode: 32-bit

CDS archive(s) mapped at: [0x000001f600000000-0x000001f600ba0000-0x000001f600ba0000), size 12189696, SharedBaseAddress: 0x000001f600000000, ArchiveRelocationMode: 1.
Compressed class space mapped at: 0x000001f601000000-0x000001f641000000, reserved size: 1073741824
Narrow klass base: 0x000001f600000000, Narrow klass shift: 0, Narrow klass range: 0x100000000

GC Precious Log:
 CardTable entry size: 512
 CPUs: 8 total, 8 available
 Memory: 7863M
 Large Page Support: Disabled
 NUMA Support: Disabled
 Compressed Oops: Enabled (32-bit)
 Alignments: Space 512K, Generation 512K, Heap 2M
 Heap Min Capacity: 100M
 Heap Initial Capacity: 100M
 Heap Max Capacity: 2G
 Pre-touch: Disabled
 Parallel Workers: 8

Heap:
 PSYoungGen      total 25600K, used 12561K [0x00000000d5580000, 0x00000000d7300000, 0x0000000100000000)
  eden space 23552K, 45% used [0x00000000d5580000,0x00000000d5fef558,0x00000000d6c80000)
  from space 2048K, 91% used [0x00000000d6e80000,0x00000000d7055100,0x00000000d7080000)
  to   space 2560K, 0% used [0x00000000d7080000,0x00000000d7080000,0x00000000d7300000)
 ParOldGen       total 68608K, used 14156K [0x0000000080000000, 0x0000000084300000, 0x00000000d5580000)
  object space 68608K, 20% used [0x0000000080000000,0x0000000080dd31d0,0x0000000084300000)
 Metaspace       used 26813K, committed 27712K, reserved 1114112K
  class space    used 2658K, committed 3072K, reserved 1048576K

Card table byte_map: [0x000001f658390000,0x000001f6587a0000] _byte_map_base: 0x000001f657f90000

Marking Bits: (ParMarkBitMap*) 0x00007ff831233450
 Begin Bits: [0x000001f66aea0000, 0x000001f66cea0000)
 End Bits:   [0x000001f66cea0000, 0x000001f66eea0000)

Polling page: 0x000001f6567e0000

Metaspace:

Usage:
  Non-class:     23.59 MB used.
      Class:      2.60 MB used.
       Both:     26.18 MB used.

Virtual space:
  Non-class space:       64.00 MB reserved,      24.06 MB ( 38%) committed,  1 nodes.
      Class space:        1.00 GB reserved,       3.00 MB ( <1%) committed,  1 nodes.
             Both:        1.06 GB reserved,      27.06 MB (  2%) committed. 

Chunk freelists:
   Non-Class:  7.82 MB
       Class:  13.03 MB
        Both:  20.85 MB

MaxMetaspaceSize: unlimited
CompressedClassSpaceSize: 1.00 GB
Initial GC threshold: 21.00 MB
Current GC threshold: 35.00 MB
CDS: on
 - commit_granule_bytes: 65536.
 - commit_granule_words: 8192.
 - virtual_space_node_default_size: 8388608.
 - enlarge_chunks_in_place: 1.
 - use_allocation_guard: 0.


Internal statistics:

num_allocs_failed_limit: 3.
num_arena_births: 712.
num_arena_deaths: 14.
num_vsnodes_births: 2.
num_vsnodes_deaths: 0.
num_space_committed: 433.
num_space_uncommitted: 0.
num_chunks_returned_to_freelist: 17.
num_chunks_taken_from_freelist: 1788.
num_chunk_merges: 9.
num_chunk_splits: 1160.
num_chunks_enlarged: 747.
num_inconsistent_stats: 0.

CodeHeap 'non-profiled nmethods': size=120000Kb used=1778Kb max_used=1778Kb free=118222Kb
 bounds [0x000001f6636c0000, 0x000001f663930000, 0x000001f66abf0000]
CodeHeap 'profiled nmethods': size=120000Kb used=8381Kb max_used=8381Kb free=111618Kb
 bounds [0x000001f65bbf0000, 0x000001f65c420000, 0x000001f663120000]
CodeHeap 'non-nmethods': size=5760Kb used=1329Kb max_used=1345Kb free=4430Kb
 bounds [0x000001f663120000, 0x000001f663390000, 0x000001f6636c0000]
CodeCache: size=245760Kb, used=11488Kb, max_used=11504Kb, free=234270Kb
 total_blobs=4620, nmethods=3999, adapters=527, full_count=0
Compilation: enabled, stopped_count=0, restarted_count=0

Compilation events (20 events):
Event: 13.605 Thread 0x000001f6750255e0 3949       3       jdk.internal.org.objectweb.asm.Frame::execute (2305 bytes)
Event: 13.613 Thread 0x000001f6750255e0 nmethod 3949 0x000001f65c3f8c10 code [0x000001f65c3f9a40, 0x000001f65c3ffec0]
Event: 13.613 Thread 0x000001f6750255e0 3950       3       java.lang.invoke.LambdaForm$BasicType::basicType (187 bytes)
Event: 13.614 Thread 0x000001f6750255e0 nmethod 3950 0x000001f65c401b90 code [0x000001f65c401e40, 0x000001f65c402888]
Event: 13.614 Thread 0x000001f6750255e0 3962       3       java.lang.invoke.MethodHandles$Lookup$ClassOption::optionsToFlag (40 bytes)
Event: 13.615 Thread 0x000001f6750255e0 nmethod 3962 0x000001f65c402b10 code [0x000001f65c402d00, 0x000001f65c4031f8]
Event: 13.615 Thread 0x000001f6750255e0 3956       3       java.lang.invoke.MethodHandles$Lookup::maybeBindCaller (72 bytes)
Event: 13.615 Thread 0x000001f6750255e0 nmethod 3956 0x000001f65c403390 code [0x000001f65c4035c0, 0x000001f65c403d18]
Event: 13.615 Thread 0x000001f6750255e0 3953       3       jdk.internal.org.objectweb.asm.MethodVisitor::visitVarInsn (17 bytes)
Event: 13.616 Thread 0x000001f6750255e0 nmethod 3953 0x000001f65c404010 code [0x000001f65c4041c0, 0x000001f65c4043c8]
Event: 13.616 Thread 0x000001f6750255e0 3960       3       java.lang.invoke.MethodHandles$Lookup::makeHiddenClassDefiner (20 bytes)
Event: 13.616 Thread 0x000001f6750255e0 nmethod 3960 0x000001f65c404490 code [0x000001f65c404660, 0x000001f65c404968]
Event: 13.616 Thread 0x000001f6750255e0 3961       3       java.lang.invoke.MethodHandles$Lookup::makeHiddenClassDefiner (44 bytes)
Event: 13.617 Thread 0x000001f6750255e0 nmethod 3961 0x000001f65c404b10 code [0x000001f65c404d40, 0x000001f65c405410]
Event: 13.617 Thread 0x000001f6750255e0 3951       3       java.lang.invoke.LambdaForm$MH/0x000001f601019c00::invoke (25 bytes)
Event: 13.617 Thread 0x000001f6750255e0 nmethod 3951 0x000001f65c405710 code [0x000001f65c4058e0, 0x000001f65c405e20]
Event: 13.617 Thread 0x000001f6750255e0 3958       3       java.util.Optional::map (30 bytes)
Event: 13.618 Thread 0x000001f6750255e0 nmethod 3958 0x000001f65c405f90 code [0x000001f65c4061a0, 0x000001f65c406838]
Event: 13.618 Thread 0x000001f6750255e0 3963       3       org.eclipse.osgi.internal.loader.sources.PackageSource::<init> (13 bytes)
Event: 13.618 Thread 0x000001f6750255e0 nmethod 3963 0x000001f65c406a90 code [0x000001f65c406c40, 0x000001f65c406e08]

GC Heap History (18 events):
Event: 0.676 GC heap before
{Heap before GC invocations=1 (full 0):
 PSYoungGen      total 29696K, used 25600K [0x00000000d5580000, 0x00000000d7680000, 0x0000000100000000)
  eden space 25600K, 100% used [0x00000000d5580000,0x00000000d6e80000,0x00000000d6e80000)
  from space 4096K, 0% used [0x00000000d7280000,0x00000000d7280000,0x00000000d7680000)
  to   space 4096K, 0% used [0x00000000d6e80000,0x00000000d6e80000,0x00000000d7280000)
 ParOldGen       total 68608K, used 0K [0x0000000080000000, 0x0000000084300000, 0x00000000d5580000)
  object space 68608K, 0% used [0x0000000080000000,0x0000000080000000,0x0000000084300000)
 Metaspace       used 4327K, committed 4608K, reserved 1114112K
  class space    used 473K, committed 576K, reserved 1048576K
}
Event: 0.683 GC heap after
{Heap after GC invocations=1 (full 0):
 PSYoungGen      total 29696K, used 3303K [0x00000000d5580000, 0x00000000d7680000, 0x0000000100000000)
  eden space 25600K, 0% used [0x00000000d5580000,0x00000000d5580000,0x00000000d6e80000)
  from space 4096K, 80% used [0x00000000d6e80000,0x00000000d71b9e98,0x00000000d7280000)
  to   space 4096K, 0% used [0x00000000d7280000,0x00000000d7280000,0x00000000d7680000)
 ParOldGen       total 68608K, used 16K [0x0000000080000000, 0x0000000084300000, 0x00000000d5580000)
  object space 68608K, 0% used [0x0000000080000000,0x0000000080004000,0x0000000084300000)
 Metaspace       used 4327K, committed 4608K, reserved 1114112K
  class space    used 473K, committed 576K, reserved 1048576K
}
Event: 1.385 GC heap before
{Heap before GC invocations=2 (full 0):
 PSYoungGen      total 29696K, used 28903K [0x00000000d5580000, 0x00000000d7680000, 0x0000000100000000)
  eden space 25600K, 100% used [0x00000000d5580000,0x00000000d6e80000,0x00000000d6e80000)
  from space 4096K, 80% used [0x00000000d6e80000,0x00000000d71b9e98,0x00000000d7280000)
  to   space 4096K, 0% used [0x00000000d7280000,0x00000000d7280000,0x00000000d7680000)
 ParOldGen       total 68608K, used 16K [0x0000000080000000, 0x0000000084300000, 0x00000000d5580000)
  object space 68608K, 0% used [0x0000000080000000,0x0000000080004000,0x0000000084300000)
 Metaspace       used 7996K, committed 8256K, reserved 1114112K
  class space    used 831K, committed 960K, reserved 1048576K
}
Event: 1.391 GC heap after
{Heap after GC invocations=2 (full 0):
 PSYoungGen      total 29696K, used 4070K [0x00000000d5580000, 0x00000000d7680000, 0x0000000100000000)
  eden space 25600K, 0% used [0x00000000d5580000,0x00000000d5580000,0x00000000d6e80000)
  from space 4096K, 99% used [0x00000000d7280000,0x00000000d7679800,0x00000000d7680000)
  to   space 4096K, 0% used [0x00000000d6e80000,0x00000000d6e80000,0x00000000d7280000)
 ParOldGen       total 68608K, used 2053K [0x0000000080000000, 0x0000000084300000, 0x00000000d5580000)
  object space 68608K, 2% used [0x0000000080000000,0x0000000080201658,0x0000000084300000)
 Metaspace       used 7996K, committed 8256K, reserved 1114112K
  class space    used 831K, committed 960K, reserved 1048576K
}
Event: 1.841 GC heap before
{Heap before GC invocations=3 (full 0):
 PSYoungGen      total 29696K, used 29472K [0x00000000d5580000, 0x00000000d7680000, 0x0000000100000000)
  eden space 25600K, 99% used [0x00000000d5580000,0x00000000d6e4e920,0x00000000d6e80000)
  from space 4096K, 99% used [0x00000000d7280000,0x00000000d7679800,0x00000000d7680000)
  to   space 4096K, 0% used [0x00000000d6e80000,0x00000000d6e80000,0x00000000d7280000)
 ParOldGen       total 68608K, used 2053K [0x0000000080000000, 0x0000000084300000, 0x00000000d5580000)
  object space 68608K, 2% used [0x0000000080000000,0x0000000080201658,0x0000000084300000)
 Metaspace       used 9442K, committed 9728K, reserved 1114112K
  class space    used 1005K, committed 1152K, reserved 1048576K
}
Event: 1.847 GC heap after
{Heap after GC invocations=3 (full 0):
 PSYoungGen      total 29696K, used 4085K [0x00000000d5580000, 0x00000000d7680000, 0x0000000100000000)
  eden space 25600K, 0% used [0x00000000d5580000,0x00000000d5580000,0x00000000d6e80000)
  from space 4096K, 99% used [0x00000000d6e80000,0x00000000d727d4c8,0x00000000d7280000)
  to   space 4096K, 0% used [0x00000000d7280000,0x00000000d7280000,0x00000000d7680000)
 ParOldGen       total 68608K, used 5142K [0x0000000080000000, 0x0000000084300000, 0x00000000d5580000)
  object space 68608K, 7% used [0x0000000080000000,0x0000000080505800,0x0000000084300000)
 Metaspace       used 9442K, committed 9728K, reserved 1114112K
  class space    used 1005K, committed 1152K, reserved 1048576K
}
Event: 4.064 GC heap before
{Heap before GC invocations=4 (full 0):
 PSYoungGen      total 29696K, used 29685K [0x00000000d5580000, 0x00000000d7680000, 0x0000000100000000)
  eden space 25600K, 100% used [0x00000000d5580000,0x00000000d6e80000,0x00000000d6e80000)
  from space 4096K, 99% used [0x00000000d6e80000,0x00000000d727d4c8,0x00000000d7280000)
  to   space 4096K, 0% used [0x00000000d7280000,0x00000000d7280000,0x00000000d7680000)
 ParOldGen       total 68608K, used 5142K [0x0000000080000000, 0x0000000084300000, 0x00000000d5580000)
  object space 68608K, 7% used [0x0000000080000000,0x0000000080505800,0x0000000084300000)
 Metaspace       used 11653K, committed 12032K, reserved 1114112K
  class space    used 1228K, committed 1408K, reserved 1048576K
}
Event: 4.068 GC heap after
{Heap after GC invocations=4 (full 0):
 PSYoungGen      total 29696K, used 4084K [0x00000000d5580000, 0x00000000d7680000, 0x0000000100000000)
  eden space 25600K, 0% used [0x00000000d5580000,0x00000000d5580000,0x00000000d6e80000)
  from space 4096K, 99% used [0x00000000d7280000,0x00000000d767d1b0,0x00000000d7680000)
  to   space 4096K, 0% used [0x00000000d6e80000,0x00000000d6e80000,0x00000000d7280000)
 ParOldGen       total 68608K, used 6789K [0x0000000080000000, 0x0000000084300000, 0x00000000d5580000)
  object space 68608K, 9% used [0x0000000080000000,0x00000000806a14f8,0x0000000084300000)
 Metaspace       used 11653K, committed 12032K, reserved 1114112K
  class space    used 1228K, committed 1408K, reserved 1048576K
}
Event: 4.546 GC heap before
{Heap before GC invocations=5 (full 0):
 PSYoungGen      total 29696K, used 29684K [0x00000000d5580000, 0x00000000d7680000, 0x0000000100000000)
  eden space 25600K, 100% used [0x00000000d5580000,0x00000000d6e80000,0x00000000d6e80000)
  from space 4096K, 99% used [0x00000000d7280000,0x00000000d767d1b0,0x00000000d7680000)
  to   space 4096K, 0% used [0x00000000d6e80000,0x00000000d6e80000,0x00000000d7280000)
 ParOldGen       total 68608K, used 6789K [0x0000000080000000, 0x0000000084300000, 0x00000000d5580000)
  object space 68608K, 9% used [0x0000000080000000,0x00000000806a14f8,0x0000000084300000)
 Metaspace       used 15510K, committed 16064K, reserved 1114112K
  class space    used 1621K, committed 1856K, reserved 1048576K
}
Event: 4.549 GC heap after
{Heap after GC invocations=5 (full 0):
 PSYoungGen      total 29184K, used 4067K [0x00000000d5580000, 0x00000000d7900000, 0x0000000100000000)
  eden space 25088K, 0% used [0x00000000d5580000,0x00000000d5580000,0x00000000d6e00000)
  from space 4096K, 99% used [0x00000000d6e80000,0x00000000d7278f90,0x00000000d7280000)
  to   space 5632K, 0% used [0x00000000d7380000,0x00000000d7380000,0x00000000d7900000)
 ParOldGen       total 68608K, used 7841K [0x0000000080000000, 0x0000000084300000, 0x00000000d5580000)
  object space 68608K, 11% used [0x0000000080000000,0x00000000807a8518,0x0000000084300000)
 Metaspace       used 15510K, committed 16064K, reserved 1114112K
  class space    used 1621K, committed 1856K, reserved 1048576K
}
Event: 11.524 GC heap before
{Heap before GC invocations=6 (full 0):
 PSYoungGen      total 29184K, used 29155K [0x00000000d5580000, 0x00000000d7900000, 0x0000000100000000)
  eden space 25088K, 100% used [0x00000000d5580000,0x00000000d6e00000,0x00000000d6e00000)
  from space 4096K, 99% used [0x00000000d6e80000,0x00000000d7278f90,0x00000000d7280000)
  to   space 5632K, 0% used [0x00000000d7380000,0x00000000d7380000,0x00000000d7900000)
 ParOldGen       total 68608K, used 7841K [0x0000000080000000, 0x0000000084300000, 0x00000000d5580000)
  object space 68608K, 11% used [0x0000000080000000,0x00000000807a8518,0x0000000084300000)
 Metaspace       used 18633K, committed 19456K, reserved 1114112K
  class space    used 1963K, committed 2304K, reserved 1048576K
}
Event: 11.528 GC heap after
{Heap after GC invocations=6 (full 0):
 PSYoungGen      total 29696K, used 5107K [0x00000000d5580000, 0x00000000d7880000, 0x0000000100000000)
  eden space 24576K, 0% used [0x00000000d5580000,0x00000000d5580000,0x00000000d6d80000)
  from space 5120K, 99% used [0x00000000d7380000,0x00000000d787cca8,0x00000000d7880000)
  to   space 5632K, 0% used [0x00000000d6d80000,0x00000000d6d80000,0x00000000d7300000)
 ParOldGen       total 68608K, used 7849K [0x0000000080000000, 0x0000000084300000, 0x00000000d5580000)
  object space 68608K, 11% used [0x0000000080000000,0x00000000807aa518,0x0000000084300000)
 Metaspace       used 18633K, committed 19456K, reserved 1114112K
  class space    used 1963K, committed 2304K, reserved 1048576K
}
Event: 11.896 GC heap before
{Heap before GC invocations=7 (full 0):
 PSYoungGen      total 29696K, used 26061K [0x00000000d5580000, 0x00000000d7880000, 0x0000000100000000)
  eden space 24576K, 85% used [0x00000000d5580000,0x00000000d69f6778,0x00000000d6d80000)
  from space 5120K, 99% used [0x00000000d7380000,0x00000000d787cca8,0x00000000d7880000)
  to   space 5632K, 0% used [0x00000000d6d80000,0x00000000d6d80000,0x00000000d7300000)
 ParOldGen       total 68608K, used 7849K [0x0000000080000000, 0x0000000084300000, 0x00000000d5580000)
  object space 68608K, 11% used [0x0000000080000000,0x00000000807aa518,0x0000000084300000)
 Metaspace       used 20717K, committed 21504K, reserved 1114112K
  class space    used 2198K, committed 2560K, reserved 1048576K
}
Event: 11.903 GC heap after
{Heap after GC invocations=7 (full 0):
 PSYoungGen      total 29184K, used 4505K [0x00000000d5580000, 0x00000000d7780000, 0x0000000100000000)
  eden space 24576K, 0% used [0x00000000d5580000,0x00000000d5580000,0x00000000d6d80000)
  from space 4608K, 97% used [0x00000000d6d80000,0x00000000d71e6448,0x00000000d7200000)
  to   space 5120K, 0% used [0x00000000d7280000,0x00000000d7280000,0x00000000d7780000)
 ParOldGen       total 68608K, used 9509K [0x0000000080000000, 0x0000000084300000, 0x00000000d5580000)
  object space 68608K, 13% used [0x0000000080000000,0x0000000080949520,0x0000000084300000)
 Metaspace       used 20717K, committed 21504K, reserved 1114112K
  class space    used 2198K, committed 2560K, reserved 1048576K
}
Event: 11.903 GC heap before
{Heap before GC invocations=8 (full 1):
 PSYoungGen      total 29184K, used 4505K [0x00000000d5580000, 0x00000000d7780000, 0x0000000100000000)
  eden space 24576K, 0% used [0x00000000d5580000,0x00000000d5580000,0x00000000d6d80000)
  from space 4608K, 97% used [0x00000000d6d80000,0x00000000d71e6448,0x00000000d7200000)
  to   space 5120K, 0% used [0x00000000d7280000,0x00000000d7280000,0x00000000d7780000)
 ParOldGen       total 68608K, used 9509K [0x0000000080000000, 0x0000000084300000, 0x00000000d5580000)
  object space 68608K, 13% used [0x0000000080000000,0x0000000080949520,0x0000000084300000)
 Metaspace       used 20717K, committed 21504K, reserved 1114112K
  class space    used 2198K, committed 2560K, reserved 1048576K
}
Event: 11.930 GC heap after
{Heap after GC invocations=8 (full 1):
 PSYoungGen      total 29184K, used 0K [0x00000000d5580000, 0x00000000d7780000, 0x0000000100000000)
  eden space 24576K, 0% used [0x00000000d5580000,0x00000000d5580000,0x00000000d6d80000)
  from space 4608K, 0% used [0x00000000d6d80000,0x00000000d6d80000,0x00000000d7200000)
  to   space 5120K, 0% used [0x00000000d7280000,0x00000000d7280000,0x00000000d7780000)
 ParOldGen       total 68608K, used 13367K [0x0000000080000000, 0x0000000084300000, 0x00000000d5580000)
  object space 68608K, 19% used [0x0000000080000000,0x0000000080d0dcc0,0x0000000084300000)
 Metaspace       used 20705K, committed 21504K, reserved 1114112K
  class space    used 2195K, committed 2560K, reserved 1048576K
}
Event: 12.230 GC heap before
{Heap before GC invocations=9 (full 1):
 PSYoungGen      total 29184K, used 24576K [0x00000000d5580000, 0x00000000d7780000, 0x0000000100000000)
  eden space 24576K, 100% used [0x00000000d5580000,0x00000000d6d80000,0x00000000d6d80000)
  from space 4608K, 0% used [0x00000000d6d80000,0x00000000d6d80000,0x00000000d7200000)
  to   space 5120K, 0% used [0x00000000d7280000,0x00000000d7280000,0x00000000d7780000)
 ParOldGen       total 68608K, used 13367K [0x0000000080000000, 0x0000000084300000, 0x00000000d5580000)
  object space 68608K, 19% used [0x0000000080000000,0x0000000080d0dcc0,0x0000000084300000)
 Metaspace       used 23284K, committed 24128K, reserved 1114112K
  class space    used 2365K, committed 2752K, reserved 1048576K
}
Event: 12.232 GC heap after
{Heap after GC invocations=9 (full 1):
 PSYoungGen      total 25088K, used 688K [0x00000000d5580000, 0x00000000d7380000, 0x0000000100000000)
  eden space 24064K, 0% used [0x00000000d5580000,0x00000000d5580000,0x00000000d6d00000)
  from space 1024K, 67% used [0x00000000d7280000,0x00000000d732c360,0x00000000d7380000)
  to   space 2560K, 0% used [0x00000000d6e80000,0x00000000d6e80000,0x00000000d7100000)
 ParOldGen       total 68608K, used 13367K [0x0000000080000000, 0x0000000084300000, 0x00000000d5580000)
  object space 68608K, 19% used [0x0000000080000000,0x0000000080d0dcc0,0x0000000084300000)
 Metaspace       used 23284K, committed 24128K, reserved 1114112K
  class space    used 2365K, committed 2752K, reserved 1048576K
}

Dll operation events (10 events):
Event: 0.017 Loaded shared library c:\Users\Hp\.vscode\extensions\redhat.java-1.54.0-win32-x64\jre\21.0.10-win32-x86_64\bin\java.dll
Event: 0.093 Loaded shared library c:\Users\Hp\.vscode\extensions\redhat.java-1.54.0-win32-x64\jre\21.0.10-win32-x86_64\bin\zip.dll
Event: 0.112 Loaded shared library C:\Users\Hp\.vscode\extensions\redhat.java-1.54.0-win32-x64\jre\21.0.10-win32-x86_64\bin\instrument.dll
Event: 0.116 Loaded shared library C:\Users\Hp\.vscode\extensions\redhat.java-1.54.0-win32-x64\jre\21.0.10-win32-x86_64\bin\net.dll
Event: 0.118 Loaded shared library C:\Users\Hp\.vscode\extensions\redhat.java-1.54.0-win32-x64\jre\21.0.10-win32-x86_64\bin\nio.dll
Event: 0.120 Loaded shared library C:\Users\Hp\.vscode\extensions\redhat.java-1.54.0-win32-x64\jre\21.0.10-win32-x86_64\bin\zip.dll
Event: 0.133 Loaded shared library C:\Users\Hp\.vscode\extensions\redhat.java-1.54.0-win32-x64\jre\21.0.10-win32-x86_64\bin\jimage.dll
Event: 0.212 Loaded shared library c:\Users\Hp\.vscode\extensions\redhat.java-1.54.0-win32-x64\jre\21.0.10-win32-x86_64\bin\verify.dll
Event: 1.403 Loaded shared library C:\Users\Hp\AppData\Roaming\Code\User\globalStorage\redhat.java\1.54.0\config_win\org.eclipse.equinox.launcher\org.eclipse.equinox.launcher.win32.win32.x86_64_1.3.0.v20260203-2149\eclipse_11919.dll
Event: 4.734 Loaded shared library C:\Users\Hp\AppData\Local\Temp\jna-2344\jna15410901362628208377.dll

Deoptimization events (20 events):
Event: 11.781 Thread 0x000001f675d1fd60 Uncommon trap: trap_request=0xffffff45 fr.pc=0x000001f6637e4e0c relative=0x00000000000000ec
Event: 11.781 Thread 0x000001f675d1fd60 Uncommon trap: reason=unstable_if action=reinterpret pc=0x000001f6637e4e0c method=java.util.concurrent.locks.ReentrantLock$NonfairSync.initialTryLock()Z @ 25 c2
Event: 11.781 Thread 0x000001f675d1fd60 DEOPT PACKING pc=0x000001f6637e4e0c sp=0x0000002eb35f4980
Event: 11.781 Thread 0x000001f675d1fd60 DEOPT UNPACKING pc=0x000001f663173aa2 sp=0x0000002eb35f4848 mode 2
Event: 11.962 Thread 0x000001f675d1fd60 Uncommon trap: trap_request=0xffffff45 fr.pc=0x000001f663844194 relative=0x0000000000000074
Event: 11.962 Thread 0x000001f675d1fd60 Uncommon trap: reason=unstable_if action=reinterpret pc=0x000001f663844194 method=java.lang.invoke.LambdaForm$BasicType.basicType(C)Ljava/lang/invoke/LambdaForm$BasicType; @ 1 c2
Event: 11.962 Thread 0x000001f675d1fd60 DEOPT PACKING pc=0x000001f663844194 sp=0x0000002eb35f8350
Event: 11.962 Thread 0x000001f675d1fd60 DEOPT UNPACKING pc=0x000001f663173aa2 sp=0x0000002eb35f82e8 mode 2
Event: 11.963 Thread 0x000001f675d1fd60 Uncommon trap: trap_request=0xffffff45 fr.pc=0x000001f6638145d8 relative=0x0000000000000b18
Event: 11.963 Thread 0x000001f675d1fd60 Uncommon trap: reason=unstable_if action=reinterpret pc=0x000001f6638145d8 method=jdk.internal.org.objectweb.asm.Frame.execute(IILjdk/internal/org/objectweb/asm/Symbol;Ljdk/internal/org/objectweb/asm/SymbolTable;)V @ 1 c2
Event: 11.963 Thread 0x000001f675d1fd60 DEOPT PACKING pc=0x000001f6638145d8 sp=0x0000002eb35f80c0
Event: 11.963 Thread 0x000001f675d1fd60 DEOPT UNPACKING pc=0x000001f663173aa2 sp=0x0000002eb35f8048 mode 2
Event: 12.458 Thread 0x000001f675d1fd60 Uncommon trap: trap_request=0xffffff45 fr.pc=0x000001f66387706c relative=0x000000000000014c
Event: 12.458 Thread 0x000001f675d1fd60 Uncommon trap: reason=unstable_if action=reinterpret pc=0x000001f66387706c method=org.lombokweb.asm.ByteVector.putByteArray([BII)Lorg/lombokweb/asm/ByteVector; @ 20 c2
Event: 12.458 Thread 0x000001f675d1fd60 DEOPT PACKING pc=0x000001f66387706c sp=0x0000002eb35f29d0
Event: 12.458 Thread 0x000001f675d1fd60 DEOPT UNPACKING pc=0x000001f663173aa2 sp=0x0000002eb35f29a0 mode 2
Event: 12.458 Thread 0x000001f675d1fd60 Uncommon trap: trap_request=0xffffff45 fr.pc=0x000001f663875f24 relative=0x0000000000000364
Event: 12.458 Thread 0x000001f675d1fd60 Uncommon trap: reason=unstable_if action=reinterpret pc=0x000001f663875f24 method=org.lombokweb.asm.Label.resolve([BLorg/lombokweb/asm/ByteVector;I)Z @ 81 c2
Event: 12.458 Thread 0x000001f675d1fd60 DEOPT PACKING pc=0x000001f663875f24 sp=0x0000002eb35f2a60
Event: 12.458 Thread 0x000001f675d1fd60 DEOPT UNPACKING pc=0x000001f663173aa2 sp=0x0000002eb35f2968 mode 2

Classes loaded (20 events):
Event: 11.991 Loading class java/net/ProtocolException
Event: 11.991 Loading class java/net/ProtocolException done
Event: 12.006 Loading class java/lang/ThreadLocal$SuppliedThreadLocal
Event: 12.006 Loading class java/lang/ThreadLocal$SuppliedThreadLocal done
Event: 12.011 Loading class java/io/FileWriter
Event: 12.011 Loading class java/io/FileWriter done
Event: 12.137 Loading class java/lang/NegativeArraySizeException
Event: 12.138 Loading class java/lang/NegativeArraySizeException done
Event: 13.598 Loading class java/lang/runtime/ObjectMethods
Event: 13.599 Loading class java/lang/runtime/ObjectMethods done
Event: 13.601 Loading class java/lang/invoke/MethodHandleImpl$Makers
Event: 13.602 Loading class java/lang/invoke/MethodHandleImpl$Makers done
Event: 13.602 Loading class java/lang/invoke/MethodHandleImpl$Makers$1
Event: 13.602 Loading class java/lang/invoke/MethodHandleImpl$Makers$1 done
Event: 13.602 Loading class java/lang/invoke/MethodHandleImpl$Makers$2
Event: 13.602 Loading class java/lang/invoke/MethodHandleImpl$Makers$2 done
Event: 13.602 Loading class java/lang/invoke/MethodHandleImpl$Makers$3
Event: 13.602 Loading class java/lang/invoke/MethodHandleImpl$Makers$3 done
Event: 13.609 Loading class java/lang/runtime/ObjectMethods$1
Event: 13.609 Loading class java/lang/runtime/ObjectMethods$1 done

Classes unloaded (7 events):
Event: 11.908 Thread 0x000001f658aae9c0 Unloading class 0x000001f6011ab400 'java/lang/invoke/LambdaForm$MH+0x000001f6011ab400'
Event: 11.908 Thread 0x000001f658aae9c0 Unloading class 0x000001f6011ab000 'java/lang/invoke/LambdaForm$MH+0x000001f6011ab000'
Event: 11.908 Thread 0x000001f658aae9c0 Unloading class 0x000001f6011aac00 'java/lang/invoke/LambdaForm$MH+0x000001f6011aac00'
Event: 11.908 Thread 0x000001f658aae9c0 Unloading class 0x000001f6011aa800 'java/lang/invoke/LambdaForm$MH+0x000001f6011aa800'
Event: 11.908 Thread 0x000001f658aae9c0 Unloading class 0x000001f6011aa400 'java/lang/invoke/LambdaForm$BMH+0x000001f6011aa400'
Event: 11.908 Thread 0x000001f658aae9c0 Unloading class 0x000001f6011aa000 'java/lang/invoke/LambdaForm$DMH+0x000001f6011aa000'
Event: 11.908 Thread 0x000001f658aae9c0 Unloading class 0x000001f6011a8c00 'java/lang/invoke/LambdaForm$DMH+0x000001f6011a8c00'

Classes redefined (0 events):
No events

Internal exceptions (20 events):
Event: 6.851 Thread 0x000001f675d1fd60 Exception <a 'java/lang/IncompatibleClassChangeError'{0x00000000d5f97e08}: Found class java.lang.Object, but interface was expected> (0x00000000d5f97e08) 
thrown [s\src\hotspot\share\interpreter\linkResolver.cpp, line 840]
Event: 6.856 Thread 0x000001f675d1fd60 Exception <a 'java/lang/NoSuchMethodError'{0x00000000d5fab610}: 'java.lang.Object java.lang.invoke.DirectMethodHandle$Holder.invokeSpecial(java.lang.Object, java.lang.Object, java.lang.Object, int, java.lang.Object, java.lang.Object)'> (0x00000000d5fab610) 
thrown [s\src\hotspot\share\interpreter\linkResolver.cpp, line 773]
Event: 9.880 Thread 0x000001f675d1fd60 Exception <a 'java/lang/NoSuchMethodError'{0x00000000d5fb3028}: 'java.lang.Object java.lang.invoke.DirectMethodHandle$Holder.newInvokeSpecial(java.lang.Object, java.lang.Object, java.lang.Object, int, java.lang.Object)'> (0x00000000d5fb3028) 
thrown [s\src\hotspot\share\interpreter\linkResolver.cpp, line 773]
Event: 9.880 Thread 0x000001f675d1fd60 Exception <a 'java/lang/NoSuchMethodError'{0x00000000d5fb6fa8}: 'java.lang.Object java.lang.invoke.DirectMethodHandle$Holder.invokeSpecial(java.lang.Object, java.lang.Object, java.lang.Object, java.lang.Object, int, java.lang.Object)'> (0x00000000d5fb6fa8) 
thrown [s\src\hotspot\share\interpreter\linkResolver.cpp, line 773]
Event: 9.881 Thread 0x000001f675d1fd60 Exception <a 'java/lang/NoSuchMethodError'{0x00000000d5fbaae8}: 'java.lang.Object java.lang.invoke.Invokers$Holder.linkToTargetMethod(java.lang.Object, java.lang.Object, int, java.lang.Object, java.lang.Object)'> (0x00000000d5fbaae8) 
thrown [s\src\hotspot\share\interpreter\linkResolver.cpp, line 773]
Event: 9.882 Thread 0x000001f67691dd00 Exception <a 'java/lang/NoSuchMethodError'{0x00000000d5ef6b28}: 'java.lang.Object java.lang.invoke.DirectMethodHandle$Holder.invokeSpecial(java.lang.Object, java.lang.Object, int, java.lang.Object, java.lang.Object)'> (0x00000000d5ef6b28) 
thrown [s\src\hotspot\share\interpreter\linkResolver.cpp, line 773]
Event: 11.167 Thread 0x000001f675d1fd60 Exception <a 'java/lang/NoSuchMethodError'{0x00000000d6112648}: 'void java.lang.invoke.DirectMethodHandle$Holder.invokeSpecial(java.lang.Object, java.lang.Object, java.lang.Object, java.lang.Object, java.lang.Object)'> (0x00000000d6112648) 
thrown [s\src\hotspot\share\interpreter\linkResolver.cpp, line 773]
Event: 11.431 Thread 0x000001f675d1fd60 Exception <a 'java/lang/NoSuchMethodError'{0x00000000d68d22f8}: 'java.lang.Object java.lang.invoke.DirectMethodHandle$Holder.invokeInterface(java.lang.Object, java.lang.Object, java.lang.Object)'> (0x00000000d68d22f8) 
thrown [s\src\hotspot\share\interpreter\linkResolver.cpp, line 773]
Event: 11.515 Thread 0x000001f675d1fd60 Exception <a 'java/lang/NoSuchMethodError'{0x00000000d6d523a0}: 'java.lang.Object java.lang.invoke.Invokers$Holder.linkToTargetMethod(java.lang.Object, long, java.lang.Object, java.lang.Object)'> (0x00000000d6d523a0) 
thrown [s\src\hotspot\share\interpreter\linkResolver.cpp, line 773]
Event: 11.681 Thread 0x000001f675d1fd60 Exception <a 'java/io/FileNotFoundException'{0x00000000d5cf0b08}> (0x00000000d5cf0b08) 
thrown [s\src\hotspot\share\prims\jni.cpp, line 520]
Event: 11.686 Thread 0x000001f675d1fd60 Exception <a 'java/lang/NoSuchMethodError'{0x00000000d5cf90b0}: 'java.lang.Object java.lang.invoke.DirectMethodHandle$Holder.newInvokeSpecial(java.lang.Object, int, java.lang.Object, java.lang.Object)'> (0x00000000d5cf90b0) 
thrown [s\src\hotspot\share\interpreter\linkResolver.cpp, line 773]
Event: 11.837 Thread 0x000001f675d1fd60 Exception <a 'java/lang/NoSuchMethodError'{0x00000000d6578fc8}: 'long java.lang.invoke.Invokers$Holder.invokeExact_MT(java.lang.Object, java.lang.Object)'> (0x00000000d6578fc8) 
thrown [s\src\hotspot\share\interpreter\linkResolver.cpp, line 773]
Event: 11.962 Thread 0x000001f675d1fd60 Exception <a 'java/lang/NoSuchMethodError'{0x00000000d57ed258}: 'double java.lang.invoke.DirectMethodHandle$Holder.invokeStatic(java.lang.Object, java.lang.Object)'> (0x00000000d57ed258) 
thrown [s\src\hotspot\share\interpreter\linkResolver.cpp, line 773]
Event: 11.963 Thread 0x000001f675d1fd60 Exception <a 'java/lang/NoSuchMethodError'{0x00000000d57f08e8}: 'double java.lang.invoke.DirectMethodHandle$Holder.invokeStaticInit(java.lang.Object, java.lang.Object)'> (0x00000000d57f08e8) 
thrown [s\src\hotspot\share\interpreter\linkResolver.cpp, line 773]
Event: 12.458 Thread 0x000001f675d1fd60 Implicit null exception at 0x000001f663876f75 to 0x000001f663877050
Event: 13.599 Thread 0x000001f67691dd00 Exception <a 'java/lang/NoSuchMethodError'{0x00000000d6b7b6c8}: 'java.lang.Object java.lang.invoke.DirectMethodHandle$Holder.invokeStaticInit(java.lang.Object, java.lang.Object, java.lang.Object, java.lang.Object, java.lang.Object, java.lang.Object, java.lang.Object)'> (0x00000000d6b7b6c8) 
thrown [s\src\hotspot\share\interpreter\linkResolver.cpp, line 773]
Event: 13.600 Thread 0x000001f67691dd00 Exception <a 'java/lang/NoSuchMethodError'{0x00000000d6b7fea0}: 'java.lang.Object java.lang.invoke.Invokers$Holder.invoke_MT(java.lang.Object, java.lang.Object, java.lang.Object, java.lang.Object, java.lang.Object, java.lang.Object, java.lang.Object, java.lang.Object, java.lang.Object)'> (0x00000000d6b7fea0) 
thrown [s\src\hotspot\share\interpreter\linkResolver.cpp, line 773]
Event: 13.610 Thread 0x000001f67691dd00 Exception <a 'java/lang/NoSuchMethodError'{0x00000000d6ca5dd0}: 'int java.lang.invoke.DirectMethodHandle$Holder.invokeVirtual(java.lang.Object, java.lang.Object, java.lang.Object)'> (0x00000000d6ca5dd0) 
thrown [s\src\hotspot\share\interpreter\linkResolver.cpp, line 773]
Event: 13.611 Thread 0x000001f67691dd00 Exception <a 'java/lang/NoSuchMethodError'{0x00000000d6caef38}: 'int java.lang.invoke.DirectMethodHandle$Holder.invokeStaticInit(java.lang.Object, int, int)'> (0x00000000d6caef38) 
thrown [s\src\hotspot\share\interpreter\linkResolver.cpp, line 773]
Event: 13.612 Thread 0x000001f67691dd00 Exception <a 'java/lang/NoSuchMethodError'{0x00000000d6cc72a8}: 'int java.lang.invoke.DirectMethodHandle$Holder.invokeStaticInit(java.lang.Object, long, long)'> (0x00000000d6cc72a8) 
thrown [s\src\hotspot\share\interpreter\linkResolver.cpp, line 773]

ZGC Phase Switch (0 events):
No events

VM Operations (20 events):
Event: 7.770 Executing safepoint VM operation: Cleanup done
Event: 9.782 Executing safepoint VM operation: Cleanup
Event: 9.782 Executing safepoint VM operation: Cleanup done
Event: 10.794 Executing safepoint VM operation: Cleanup
Event: 10.904 Executing safepoint VM operation: Cleanup done
Event: 11.314 Executing non-safepoint VM operation: HandshakeAllThreads (Deoptimize)
Event: 11.314 Executing non-safepoint VM operation: HandshakeAllThreads (Deoptimize) done
Event: 11.376 Executing non-safepoint VM operation: HandshakeAllThreads (Deoptimize)
Event: 11.376 Executing non-safepoint VM operation: HandshakeAllThreads (Deoptimize) done
Event: 11.381 Executing non-safepoint VM operation: HandshakeAllThreads (Deoptimize)
Event: 11.381 Executing non-safepoint VM operation: HandshakeAllThreads (Deoptimize) done
Event: 11.524 Executing safepoint VM operation: ParallelGCFailedAllocation (Allocation Failure)
Event: 11.528 Executing safepoint VM operation: ParallelGCFailedAllocation (Allocation Failure) done
Event: 11.896 Executing safepoint VM operation: CollectForMetadataAllocation (Metadata GC Threshold)
Event: 11.931 Executing safepoint VM operation: CollectForMetadataAllocation (Metadata GC Threshold) done
Event: 12.230 Executing safepoint VM operation: ParallelGCFailedAllocation (Allocation Failure)
Event: 12.232 Executing safepoint VM operation: ParallelGCFailedAllocation (Allocation Failure) done
Event: 13.232 Executing safepoint VM operation: Cleanup
Event: 13.592 Executing safepoint VM operation: Cleanup done
Event: 14.597 Executing safepoint VM operation: Cleanup

Memory protections (0 events):
No events

Nmethod flushes (0 events):
No events

Events (20 events):
Event: 1.178 Thread 0x000001f656569d80 Thread added: 0x000001f675c32d80
Event: 1.398 Thread 0x000001f656569d80 Thread added: 0x000001f675d67040
Event: 1.427 Thread 0x000001f675d67040 Thread added: 0x000001f675d1ebc0
Event: 1.430 Thread 0x000001f656569d80 Thread added: 0x000001f675d1fd60
Event: 1.906 Thread 0x000001f675d1fd60 Thread added: 0x000001f67605fa90
Event: 2.362 Thread 0x000001f675689620 Thread exited: 0x000001f675689620
Event: 2.363 Thread 0x000001f6752746a0 Thread exited: 0x000001f6752746a0
Event: 4.048 Thread 0x000001f675d1fd60 Thread added: 0x000001f675e172b0
Event: 4.116 Thread 0x000001f6750255e0 Thread added: 0x000001f6761ef5d0
Event: 4.116 Thread 0x000001f6750255e0 Thread added: 0x000001f675e0eeb0
Event: 4.348 Thread 0x000001f675d1fd60 Thread added: 0x000001f676034570
Event: 4.765 Thread 0x000001f675d1fd60 Thread added: 0x000001f67691b5a0
Event: 5.226 Thread 0x000001f675e0eeb0 Thread exited: 0x000001f675e0eeb0
Event: 5.813 Thread 0x000001f675d1fd60 Thread added: 0x000001f67691dd00
Event: 6.851 Thread 0x000001f6761ef5d0 Thread exited: 0x000001f6761ef5d0
Event: 9.883 Thread 0x000001f675d1fd60 Thread added: 0x000001f67691af10
Event: 12.039 Thread 0x000001f6750255e0 Thread added: 0x000001f6767de040
Event: 12.170 Thread 0x000001f6767de040 Thread exited: 0x000001f6767de040
Event: 13.592 Thread 0x000001f67691af10 Thread added: 0x000001f67691e390
Event: 13.613 Thread 0x000001f6750255e0 Thread added: 0x000001f67647b030


Dynamic libraries:
0x00007ff6da800000 - 0x00007ff6da80e000 	c:\Users\Hp\.vscode\extensions\redhat.java-1.54.0-win32-x64\jre\21.0.10-win32-x86_64\bin\java.exe
0x00007ff8cc8e0000 - 0x00007ff8ccb46000 	C:\WINDOWS\SYSTEM32\ntdll.dll
0x00007ff8cb600000 - 0x00007ff8cb6c9000 	C:\WINDOWS\System32\KERNEL32.DLL
0x00007ff8c9b70000 - 0x00007ff8c9f6a000 	C:\WINDOWS\System32\KERNELBASE.dll
0x00007ff8ca020000 - 0x00007ff8ca16c000 	C:\WINDOWS\System32\ucrtbase.dll
0x00007ff87f400000 - 0x00007ff87f418000 	c:\Users\Hp\.vscode\extensions\redhat.java-1.54.0-win32-x64\jre\21.0.10-win32-x86_64\bin\jli.dll
0x00007ff87f580000 - 0x00007ff87f59e000 	c:\Users\Hp\.vscode\extensions\redhat.java-1.54.0-win32-x64\jre\21.0.10-win32-x86_64\bin\VCRUNTIME140.dll
0x00007ff8cb430000 - 0x00007ff8cb5f7000 	C:\WINDOWS\System32\USER32.dll
0x00007ff8ca170000 - 0x00007ff8ca197000 	C:\WINDOWS\System32\win32u.dll
0x00007ff8cc600000 - 0x00007ff8cc62b000 	C:\WINDOWS\System32\GDI32.dll
0x00007ff8ca520000 - 0x00007ff8ca64b000 	C:\WINDOWS\System32\gdi32full.dll
0x00007ff8a8130000 - 0x00007ff8a83c2000 	C:\WINDOWS\WinSxS\amd64_microsoft.windows.common-controls_6595b64144ccf1df_6.0.26100.8521_none_3e08b75ce33403b3\COMCTL32.dll
0x00007ff8ca1a0000 - 0x00007ff8ca243000 	C:\WINDOWS\System32\msvcp_win.dll
0x00007ff8cb1e0000 - 0x00007ff8cb289000 	C:\WINDOWS\System32\msvcrt.dll
0x00007ff8cc810000 - 0x00007ff8cc842000 	C:\WINDOWS\System32\IMM32.DLL
0x00007ff8c1bf0000 - 0x00007ff8c1bfc000 	c:\Users\Hp\.vscode\extensions\redhat.java-1.54.0-win32-x64\jre\21.0.10-win32-x86_64\bin\vcruntime140_1.dll
0x00007ff83d4f0000 - 0x00007ff83d57d000 	c:\Users\Hp\.vscode\extensions\redhat.java-1.54.0-win32-x64\jre\21.0.10-win32-x86_64\bin\msvcp140.dll
0x00007ff830570000 - 0x00007ff831311000 	c:\Users\Hp\.vscode\extensions\redhat.java-1.54.0-win32-x64\jre\21.0.10-win32-x86_64\bin\server\jvm.dll
0x00007ff8cacf0000 - 0x00007ff8cada6000 	C:\WINDOWS\System32\ADVAPI32.dll
0x00007ff8cae30000 - 0x00007ff8caeda000 	C:\WINDOWS\System32\sechost.dll
0x00007ff8ca7b0000 - 0x00007ff8ca8c8000 	C:\WINDOWS\System32\RPCRT4.dll
0x00007ff8cc780000 - 0x00007ff8cc800000 	C:\WINDOWS\System32\WS2_32.dll
0x00007ff8b0ed0000 - 0x00007ff8b0edb000 	C:\WINDOWS\SYSTEM32\VERSION.dll
0x00007ff8be7c0000 - 0x00007ff8be7f6000 	C:\WINDOWS\SYSTEM32\WINMM.dll
0x00007ff8c99f0000 - 0x00007ff8c9a4e000 	C:\WINDOWS\SYSTEM32\POWRPROF.dll
0x00007ff8c99d0000 - 0x00007ff8c99e4000 	C:\WINDOWS\SYSTEM32\UMPDC.dll
0x00007ff8c88c0000 - 0x00007ff8c88db000 	C:\WINDOWS\SYSTEM32\kernel.appcore.dll
0x00007ff8b7580000 - 0x00007ff8b758a000 	c:\Users\Hp\.vscode\extensions\redhat.java-1.54.0-win32-x64\jre\21.0.10-win32-x86_64\bin\jimage.dll
0x00007ff8c73b0000 - 0x00007ff8c75f2000 	C:\WINDOWS\SYSTEM32\DBGHELP.DLL
0x00007ff8ca8e0000 - 0x00007ff8cac63000 	C:\WINDOWS\System32\combase.dll
0x00007ff8cc400000 - 0x00007ff8cc4d9000 	C:\WINDOWS\System32\OLEAUT32.dll
0x00007ff8a6d40000 - 0x00007ff8a6d7b000 	C:\WINDOWS\SYSTEM32\dbgcore.DLL
0x00007ff8c9f70000 - 0x00007ff8ca018000 	C:\WINDOWS\System32\bcryptPrimitives.dll
0x00007ff8b6380000 - 0x00007ff8b638f000 	c:\Users\Hp\.vscode\extensions\redhat.java-1.54.0-win32-x64\jre\21.0.10-win32-x86_64\bin\instrument.dll
0x00007ff87ac60000 - 0x00007ff87ac80000 	c:\Users\Hp\.vscode\extensions\redhat.java-1.54.0-win32-x64\jre\21.0.10-win32-x86_64\bin\java.dll
0x00007ff8cbc60000 - 0x00007ff8cc3e4000 	C:\WINDOWS\System32\SHELL32.dll
0x00007ff8c7700000 - 0x00007ff8c7f80000 	C:\WINDOWS\SYSTEM32\windows.storage.dll
0x00007ff8cbb60000 - 0x00007ff8cbc56000 	C:\WINDOWS\System32\SHCORE.dll
0x00007ff8cc660000 - 0x00007ff8cc6c7000 	C:\WINDOWS\System32\shlwapi.dll
0x00007ff8c9a90000 - 0x00007ff8c9ab9000 	C:\WINDOWS\SYSTEM32\profapi.dll
0x00007ff87a350000 - 0x00007ff87a368000 	c:\Users\Hp\.vscode\extensions\redhat.java-1.54.0-win32-x64\jre\21.0.10-win32-x86_64\bin\zip.dll
0x00007ff8afb60000 - 0x00007ff8afb70000 	C:\Users\Hp\.vscode\extensions\redhat.java-1.54.0-win32-x64\jre\21.0.10-win32-x86_64\bin\net.dll
0x00007ff8b8f40000 - 0x00007ff8b9069000 	C:\WINDOWS\SYSTEM32\WINHTTP.dll
0x00007ff8c8e10000 - 0x00007ff8c8e7c000 	C:\WINDOWS\system32\mswsock.dll
0x00007ff878140000 - 0x00007ff878156000 	C:\Users\Hp\.vscode\extensions\redhat.java-1.54.0-win32-x64\jre\21.0.10-win32-x86_64\bin\nio.dll
0x00007ff8add80000 - 0x00007ff8add90000 	c:\Users\Hp\.vscode\extensions\redhat.java-1.54.0-win32-x64\jre\21.0.10-win32-x86_64\bin\verify.dll
0x00007ff8832b0000 - 0x00007ff8832f5000 	C:\Users\Hp\AppData\Roaming\Code\User\globalStorage\redhat.java\1.54.0\config_win\org.eclipse.equinox.launcher\org.eclipse.equinox.launcher.win32.win32.x86_64_1.3.0.v20260203-2149\eclipse_11919.dll
0x00007ff8cb290000 - 0x00007ff8cb428000 	C:\WINDOWS\System32\ole32.dll
0x00007ff8c9210000 - 0x00007ff8c922b000 	C:\WINDOWS\SYSTEM32\CRYPTSP.dll
0x00007ff8c8820000 - 0x00007ff8c8859000 	C:\WINDOWS\system32\rsaenh.dll
0x00007ff8c8ec0000 - 0x00007ff8c8ef3000 	C:\WINDOWS\SYSTEM32\USERENV.dll
0x00007ff8c9a60000 - 0x00007ff8c9a8a000 	C:\WINDOWS\SYSTEM32\bcrypt.dll
0x00007ff8c9070000 - 0x00007ff8c907c000 	C:\WINDOWS\SYSTEM32\CRYPTBASE.dll
0x00007ff8c8300000 - 0x00007ff8c8333000 	C:\WINDOWS\SYSTEM32\IPHLPAPI.DLL
0x00007ff8caee0000 - 0x00007ff8caeea000 	C:\WINDOWS\System32\NSI.dll
0x00007ff873f50000 - 0x00007ff873f99000 	C:\Users\Hp\AppData\Local\Temp\jna-2344\jna15410901362628208377.dll
0x00007ff8ca8d0000 - 0x00007ff8ca8d8000 	C:\WINDOWS\System32\PSAPI.DLL

JVMTI agents:
c:\Users\Hp\.vscode\extensions\redhat.java-1.54.0-win32-x64\lombok\lombok-1.18.39-4050.jar path:c:\Users\Hp\.vscode\extensions\redhat.java-1.54.0-win32-x64\jre\21.0.10-win32-x86_64\bin\instrument.dll, loaded, initialized, instrumentlib options:none

dbghelp: loaded successfully - version: 4.0.5 - missing functions: none
symbol engine: initialized successfully - sym options: 0x614 - pdb path: .;c:\Users\Hp\.vscode\extensions\redhat.java-1.54.0-win32-x64\jre\21.0.10-win32-x86_64\bin;C:\WINDOWS\SYSTEM32;C:\WINDOWS\WinSxS\amd64_microsoft.windows.common-controls_6595b64144ccf1df_6.0.26100.8521_none_3e08b75ce33403b3;c:\Users\Hp\.vscode\extensions\redhat.java-1.54.0-win32-x64\jre\21.0.10-win32-x86_64\bin\server;C:\Users\Hp\AppData\Roaming\Code\User\globalStorage\redhat.java\1.54.0\config_win\org.eclipse.equinox.launcher\org.eclipse.equinox.launcher.win32.win32.x86_64_1.3.0.v20260203-2149;C:\Users\Hp\AppData\Local\Temp\jna-2344

VM Arguments:
jvm_args: --add-modules=ALL-SYSTEM --add-opens=java.base/java.util=ALL-UNNAMED --add-opens=java.base/java.lang=ALL-UNNAMED --add-opens=java.base/sun.nio.fs=ALL-UNNAMED -Declipse.application=org.eclipse.jdt.ls.core.id1 -Dosgi.bundles.defaultStartLevel=4 -Declipse.product=org.eclipse.jdt.ls.core.product -Djava.import.generatesMetadataFilesAtProjectRoot=false -DDetectVMInstallationsJob.disabled=true -Dfile.encoding=utf8 -XX:+UseParallelGC -XX:GCTimeRatio=4 -XX:AdaptiveSizePolicyWeight=90 -Dsun.zip.disableMemoryMapping=true -Xmx2G -Xms100m -Xlog:disable -javaagent:c:\Users\Hp\.vscode\extensions\redhat.java-1.54.0-win32-x64\lombok\lombok-1.18.39-4050.jar -XX:+HeapDumpOnOutOfMemoryError -XX:HeapDumpPath=c:\Users\Hp\AppData\Roaming\Code\User\workspaceStorage\b472be1fd587ae61c1923bf4358e26a7\redhat.java -Daether.dependencyCollector.impl=bf 
java_command: c:\Users\Hp\.vscode\extensions\redhat.java-1.54.0-win32-x64\server\plugins\org.eclipse.equinox.launcher_1.7.100.v20251111-0406.jar -configuration c:\Users\Hp\AppData\Roaming\Code\User\globalStorage\redhat.java\1.54.0\config_win -data c:\Users\Hp\AppData\Roaming\Code\User\workspaceStorage\b472be1fd587ae61c1923bf4358e26a7\redhat.java\jdt_ws --pipe=\\.\pipe\lsp-c5c7a9b0b7633f889a61ec80aa8412e3-sock
java_class_path (initial): c:\Users\Hp\.vscode\extensions\redhat.java-1.54.0-win32-x64\server\plugins\org.eclipse.equinox.launcher_1.7.100.v20251111-0406.jar
Launcher Type: SUN_STANDARD

[Global flags]
    uintx AdaptiveSizePolicyWeight                 = 90                                        {product} {command line}
     intx CICompilerCount                          = 4                                         {product} {ergonomic}
    uintx GCTimeRatio                              = 4                                         {product} {command line}
     bool HeapDumpOnOutOfMemoryError               = true                                   {manageable} {command line}
    ccstr HeapDumpPath                             = c:\Users\Hp\AppData\Roaming\Code\User\workspaceStorage\b472be1fd587ae61c1923bf4358e26a7\redhat.java         {manageable} {command line}
   size_t InitialHeapSize                          = 104857600                                 {product} {command line}
   size_t MaxHeapSize                              = 2147483648                                {product} {command line}
   size_t MaxNewSize                               = 715653120                                 {product} {ergonomic}
   size_t MinHeapDeltaBytes                        = 524288                                    {product} {ergonomic}
   size_t MinHeapSize                              = 104857600                                 {product} {command line}
   size_t NewSize                                  = 34603008                                  {product} {ergonomic}
    uintx NonNMethodCodeHeapSize                   = 5839372                                {pd product} {ergonomic}
    uintx NonProfiledCodeHeapSize                  = 122909434                              {pd product} {ergonomic}
   size_t OldSize                                  = 70254592                                  {product} {ergonomic}
    uintx ProfiledCodeHeapSize                     = 122909434                              {pd product} {ergonomic}
    uintx ReservedCodeCacheSize                    = 251658240                              {pd product} {ergonomic}
     bool SegmentedCodeCache                       = true                                      {product} {ergonomic}
   size_t SoftMaxHeapSize                          = 2147483648                             {manageable} {ergonomic}
     bool UseCompressedOops                        = true                           {product lp64_product} {ergonomic}
     bool UseLargePagesIndividualAllocation        = false                                  {pd product} {ergonomic}
     bool UseParallelGC                            = true                                      {product} {command line}

Logging:
Log output configuration:
 #0: stdout all=off uptime,level,tags foldmultilines=false
 #1: stderr all=off uptime,level,tags foldmultilines=false

Release file:
JAVA_VERSION="21.0.10" 
MODULES="java.base java.compiler java.datatransfer java.xml java.prefs java.desktop java.instrument java.logging java.management java.security.sasl java.naming java.rmi java.management.rmi java.net.http java.scripting java.security.jgss java.transaction.xa java.sql java.sql.rowset java.xml.crypto java.se java.smartcardio jdk.accessibility jdk.internal.jvmstat jdk.attach jdk.charsets jdk.internal.opt jdk.zipfs jdk.compiler jdk.crypto.ec jdk.crypto.cryptoki jdk.crypto.mscapi jdk.dynalink jdk.internal.ed jdk.editpad jdk.hotspot.agent jdk.httpserver jdk.internal.le jdk.internal.vm.ci jdk.internal.vm.compiler jdk.internal.vm.compiler.management jdk.jartool jdk.javadoc jdk.jcmd jdk.management jdk.management.agent jdk.jconsole jdk.jdeps jdk.jdwp.agent jdk.jdi jdk.jfr jdk.jshell jdk.jsobject jdk.jstatd jdk.localedata jdk.management.jfr jdk.naming.dns jdk.naming.rmi jdk.net jdk.nio.mapmode jdk.random jdk.sctp jdk.security.auth jdk.security.jgss jdk.unsupported jdk.unsupported.desktop jdk.xml.dom" 

Environment Variables:
PATH=C:\Program Files\Common Files\Oracle\Java\javapath;C:\WINDOWS\system32;C:\WINDOWS;C:\WINDOWS\System32\Wbem;C:\WINDOWS\System32\WindowsPowerShell\v1.0\;C:\WINDOWS\System32\OpenSSH\;C:\Program Files\MySQL\MySQL Server 8.0\bin;C:\Program Files\dotnet\;C:\Program Files\Git\cmd;C:\Program Files\MySQL\MySQL Shell 8.0\bin\;C:\Users\Hp\AppData\Local\Microsoft\WindowsApps;C:\Users\Hp\AppData\Local\Programs\Microsoft VS Code\bin
USERNAME=Hp
OS=Windows_NT
PROCESSOR_IDENTIFIER=Intel64 Family 6 Model 154 Stepping 4, GenuineIntel
TMP=C:\Users\Hp\AppData\Local\Temp
TEMP=C:\Users\Hp\AppData\Local\Temp




Periodic native trim disabled

---------------  S Y S T E M  ---------------

OS:
 Windows 11 , 64 bit Build 26100 (10.0.26100.8521)
OS uptime: 5 days 3:16 hours
Hyper-V role detected

CPU: total 8 (initial active 8) (4 cores per cpu, 2 threads per core) family 6 model 154 stepping 4 microcode 0x42c, cx8, cmov, fxsr, ht, mmx, 3dnowpref, sse, sse2, sse3, ssse3, sse4.1, sse4.2, popcnt, lzcnt, tsc, tscinvbit, avx, avx2, aes, erms, clmul, bmi1, bmi2, adx, sha, fma, vzeroupper, clflush, clflushopt, clwb, hv, serialize, rdtscp, rdpid, fsrm, f16c, cet_ibt, cet_ss
Processor Information for processor 0
  Max Mhz: 1200, Current Mhz: 1200, Mhz Limit: 1200
Processor Information for processor 1
  Max Mhz: 1200, Current Mhz: 1200, Mhz Limit: 1200
Processor Information for processor 2
  Max Mhz: 1200, Current Mhz: 1200, Mhz Limit: 1200
Processor Information for processor 3
  Max Mhz: 1200, Current Mhz: 1200, Mhz Limit: 1200
Processor Information for processor 4
  Max Mhz: 1200, Current Mhz: 900, Mhz Limit: 900
Processor Information for processor 5
  Max Mhz: 1200, Current Mhz: 900, Mhz Limit: 900
Processor Information for processor 6
  Max Mhz: 1200, Current Mhz: 900, Mhz Limit: 900
Processor Information for processor 7
  Max Mhz: 1200, Current Mhz: 900, Mhz Limit: 900

Memory: 4k page, system-wide physical 7863M (646M free)
TotalPageFile size 11959M (AvailPageFile size 236M)
current process WorkingSet (physical memory assigned to process): 157M, peak: 157M
current process commit charge ("private bytes"): 286M, peak: 287M

vm_info: OpenJDK 64-Bit Server VM (21.0.10+7-LTS) for windows-amd64 JRE (21.0.10+7-LTS), built on 2026-01-20T00:00:00Z by "admin" with MS VC++ 17.12 (VS2022)

END.
